// Jest Snapshot v1, https://jestjs.io/docs/snapshot-testing

exports[`resolveNavigationContract snapshot surface captures the PR 1 contract shape for representative contexts 1`] = `
{
  "child": {
    "chrome": {
      "modeSwitcher": "hidden",
      "proxyBanner": "hidden",
    },
    "diagnostic": {
      "activeProfileId": "00000000-0000-7000-a000-000000000201",
      "effectiveAppContext": "study",
      "isFamilyCapable": false,
      "isParentProxy": false,
      "linkedChildIds": [],
      "reason": "child-study-only",
      "role": "child",
      "shape": "study",
    },
    "gates": {
      "progressScope": "self",
      "sessionIsOwner": false,
      "showAccommodationChildEditor": false,
      "showAccountSecurity": false,
      "showAddChild": false,
      "showBilling": false,
      "showCelebrationsChildEditor": false,
      "showExportDelete": false,
      "showFamilyChildActivity": false,
      "showFamilyHome": false,
      "showInlineStudyInvite": false,
      "showLearnThisToo": false,
      "showLearningActions": true,
      "showProgressProfilePicker": false,
      "showRemoveFamilyMember": false,
    },
    "home": {
      "iconName": "School",
      "screen": "LearnerHome",
      "titleKey": "tabs.myLearning",
    },
    "queryScope": {
      "appContext": "study",
      "profileId": "00000000-0000-7000-a000-000000000201",
    },
    "routeSurface": {
      "child": {
        "canEnter": false,
        "isSurfaced": false,
      },
      "childCurriculum": {
        "canEnter": false,
        "isSurfaced": false,
      },
      "library": {
        "canEnter": true,
        "isSurfaced": true,
      },
      "recaps": {
        "canEnter": false,
        "isSurfaced": false,
      },
      "session": {
        "canEnter": true,
        "isSurfaced": true,
      },
      "subscription": {
        "canEnter": false,
        "isSurfaced": false,
      },
    },
    "shape": "study",
    "tabs": [
      "home",
      "library",
      "more",
      "progress",
    ],
  },
  "family": {
    "chrome": {
      "modeSwitcher": "global-header",
      "proxyBanner": "hidden",
    },
    "diagnostic": {
      "activeProfileId": "00000000-0000-7000-a000-000000000102",
      "effectiveAppContext": "family",
      "isFamilyCapable": true,
      "isParentProxy": false,
      "linkedChildIds": [
        "00000000-0000-7000-a000-000000000201",
      ],
      "reason": "explicit-family",
      "role": "owner",
      "shape": "family",
    },
    "gates": {
      "progressScope": "children",
      "sessionIsOwner": true,
      "showAccommodationChildEditor": true,
      "showAccountSecurity": true,
      "showAddChild": true,
      "showBilling": true,
      "showCelebrationsChildEditor": true,
      "showExportDelete": true,
      "showFamilyChildActivity": true,
      "showFamilyHome": true,
      "showInlineStudyInvite": true,
      "showLearnThisToo": true,
      "showLearningActions": true,
      "showProgressProfilePicker": true,
      "showRemoveFamilyMember": true,
    },
    "home": {
      "iconName": "Users",
      "screen": "FamilyHome",
      "titleKey": "tabs.children",
    },
    "queryScope": {
      "appContext": "family",
      "profileId": "00000000-0000-7000-a000-000000000102",
    },
    "routeSurface": {
      "child": {
        "canEnter": true,
        "isSurfaced": true,
      },
      "childCurriculum": {
        "canEnter": true,
        "isSurfaced": true,
      },
      "library": {
        "canEnter": false,
        "isSurfaced": false,
      },
      "recaps": {
        "canEnter": true,
        "isSurfaced": true,
      },
      "session": {
        "canEnter": true,
        "isSurfaced": false,
      },
      "subscription": {
        "canEnter": true,
        "isSurfaced": true,
      },
    },
    "shape": "family",
    "tabs": [
      "home",
      "more",
      "progress",
      "recaps",
    ],
  },
  "loading": {
    "chrome": {
      "modeSwitcher": "hidden",
      "proxyBanner": "hidden",
    },
    "diagnostic": {
      "activeProfileId": null,
      "effectiveAppContext": "study",
      "isFamilyCapable": false,
      "isParentProxy": false,
      "linkedChildIds": [],
      "reason": "profile-loading",
      "role": null,
      "shape": "study",
    },
    "gates": {
      "progressScope": "self",
      "sessionIsOwner": false,
      "showAccommodationChildEditor": false,
      "showAccountSecurity": false,
      "showAddChild": false,
      "showBilling": false,
      "showCelebrationsChildEditor": false,
      "showExportDelete": false,
      "showFamilyChildActivity": false,
      "showFamilyHome": false,
      "showInlineStudyInvite": false,
      "showLearnThisToo": false,
      "showLearningActions": true,
      "showProgressProfilePicker": false,
      "showRemoveFamilyMember": false,
    },
    "home": {
      "iconName": "School",
      "screen": "LearnerHome",
      "titleKey": "tabs.myLearning",
    },
    "queryScope": {
      "appContext": "study",
      "profileId": null,
    },
    "routeSurface": {
      "child": {
        "canEnter": false,
        "isSurfaced": false,
      },
      "childCurriculum": {
        "canEnter": false,
        "isSurfaced": false,
      },
      "library": {
        "canEnter": false,
        "isSurfaced": false,
      },
      "recaps": {
        "canEnter": false,
        "isSurfaced": false,
      },
      "session": {
        "canEnter": false,
        "isSurfaced": false,
      },
      "subscription": {
        "canEnter": false,
        "isSurfaced": false,
      },
    },
    "shape": "study",
    "tabs": [
      "home",
      "library",
      "more",
      "progress",
    ],
  },
  "proxy": {
    "chrome": {
      "modeSwitcher": "hidden",
      "proxyBanner": "required",
    },
    "diagnostic": {
      "activeProfileId": "00000000-0000-7000-a000-000000000102",
      "effectiveAppContext": "study",
      "isFamilyCapable": true,
      "isParentProxy": true,
      "linkedChildIds": [
        "00000000-0000-7000-a000-000000000201",
      ],
      "reason": "parent-proxy",
      "role": "owner",
      "shape": "study",
    },
    "gates": {
      "progressScope": "self",
      "sessionIsOwner": false,
      "showAccommodationChildEditor": false,
      "showAccountSecurity": false,
      "showAddChild": false,
      "showBilling": false,
      "showCelebrationsChildEditor": false,
      "showExportDelete": false,
      "showFamilyChildActivity": false,
      "showFamilyHome": false,
      "showInlineStudyInvite": false,
      "showLearnThisToo": false,
      "showLearningActions": false,
      "showProgressProfilePicker": false,
      "showRemoveFamilyMember": false,
    },
    "home": {
      "iconName": "School",
      "screen": "LearnerHome",
      "titleKey": "tabs.myLearning",
    },
    "queryScope": {
      "appContext": "study",
      "profileId": "00000000-0000-7000-a000-000000000102",
    },
    "routeSurface": {
      "child": {
        "canEnter": false,
        "isSurfaced": false,
      },
      "childCurriculum": {
        "canEnter": false,
        "isSurfaced": false,
      },
      "library": {
        "canEnter": true,
        "isSurfaced": true,
      },
      "recaps": {
        "canEnter": false,
        "isSurfaced": false,
      },
      "session": {
        "canEnter": false,
        "isSurfaced": false,
      },
      "subscription": {
        "canEnter": false,
        "isSurfaced": false,
      },
    },
    "shape": "study",
    "tabs": [
      "home",
      "library",
      "progress",
    ],
  },
  "study": {
    "chrome": {
      "modeSwitcher": "global-header",
      "proxyBanner": "hidden",
    },
    "diagnostic": {
      "activeProfileId": "00000000-0000-7000-a000-000000000102",
      "effectiveAppContext": "study",
      "isFamilyCapable": true,
      "isParentProxy": false,
      "linkedChildIds": [
        "00000000-0000-7000-a000-000000000201",
      ],
      "reason": "explicit-study",
      "role": "owner",
      "shape": "study",
    },
    "gates": {
      "progressScope": "self",
      "sessionIsOwner": true,
      "showAccommodationChildEditor": false,
      "showAccountSecurity": true,
      "showAddChild": true,
      "showBilling": true,
      "showCelebrationsChildEditor": false,
      "showExportDelete": true,
      "showFamilyChildActivity": false,
      "showFamilyHome": false,
      "showInlineStudyInvite": true,
      "showLearnThisToo": false,
      "showLearningActions": true,
      "showProgressProfilePicker": false,
      "showRemoveFamilyMember": false,
    },
    "home": {
      "iconName": "School",
      "screen": "LearnerHome",
      "titleKey": "tabs.myLearning",
    },
    "queryScope": {
      "appContext": "study",
      "profileId": "00000000-0000-7000-a000-000000000102",
    },
    "routeSurface": {
      "child": {
        "canEnter": false,
        "isSurfaced": false,
      },
      "childCurriculum": {
        "canEnter": false,
        "isSurfaced": false,
      },
      "library": {
        "canEnter": true,
        "isSurfaced": true,
      },
      "recaps": {
        "canEnter": false,
        "isSurfaced": false,
      },
      "session": {
        "canEnter": true,
        "isSurfaced": true,
      },
      "subscription": {
        "canEnter": true,
        "isSurfaced": true,
      },
    },
    "shape": "study",
    "tabs": [
      "home",
      "library",
      "more",
      "progress",
    ],
  },
}
`;
